Gs, Gs, Gs^Fms, Gs^Fds, Gs^Fds, Gs^Fds, Gs^Fds, Gs^Fds, Gs, Gd, Gd, Gd, Gd, Gs, Gs, Gs, Gs, Gs, Gs, Gs, Gs, Hh, Hh, Hh, Hh, Hh, Hh^Es, Mm, Mm, Mm, Mm, Mm, Mm, Mm, Mm
Gs, Gs, Gs^Fds, Gs^Fds, Gs^Fds, Gs^Fds, Gs^Fds, Gs^Fds, Gg^Fms, Gs, Gd, Gd, Gd, Gs, Gs, Gs, Gs, Gs, Gs, Gs, Gs, Gs, Gs, Hh, Hh^Es, Hh, Hh, Mm, Mm, Mm, Hh, Hh, Mm, Mm, Mm
Gs^Fms, Gs^Fds, Gs^Fds, Gs^Fds, Gs^Fds, Gs^Fds, Gs^Fds, Gs^Fms, Gll, Gd, Re, Gd, Re, Gd, Rd, Gs, Re^Vct, Gg, Gg, Gg, Gg, Gs, Gs, Gs, Hh, Hh, Hh, Hh, Hh, Mm, Hh, Mm, Mm, Mm, Mm^Xm
Hh^Fms, Gs^Fds, Hh^Fms, Gs^Fds, Gs^Fds, Gs^Fds, Gs^Fds, Gll, Re^Vct, Re^Em, Rd, Re, Rd, Rd, Rd, Gll, Gs^Fds, Gll^Fds, Gll^Fds, Gg, Gg, Gs, Gs, Gs, Hh, Hh, Mm, Hh, Mm, Hh, Mm, Mm, Mm^Xm, Mm^Xm, Mm^Xm
Hh^Fms, Hh^Fms, Gg^Fms, Hh^Fms, Hh^Fds, Hh^Fds, Gll, Gll, Rd, Rd^Ecf, Rd, Ce, Ce, Rd, Rd, Gll, Gll, Gs^Fds, Gs^Fds, Gg^Fds, Gg, Gg, Gs, Gs, Hh, Hh, Mm, Mm, Mm, Mm, Mm, Mm, Mm^Xm, Mm^Xm, Mm^Xm
Hh^Fms, Hh^Es, Hh, Hh, Hh, Hh^Fds, Gs, Re, Rd, Rd, Ce, Ke, Rd^Es, Rd, Re^Ecf, Gd, Gll, Re^Fds, Re^Fds, Gg^Fds, Gg, Gg, Gs, Gs, Gs, Hh, Hh, Mm, Hh, Hh, Mm, Mm, Mm^Xm, Mm^Xm, Mm
Hh, Hh, Gg, Hh, Hh, Hh, Re, Re, Re, Rd, Rd, Ce, Re, Rd, Re, Re, Gd, Re^Vct, Gs, Gs^Es, Gg, Gg, Gg^Efm, Gs, Gs, Hh, Hh, Hh, Hh, Mm, Mm, Mm, Mm, Mm, Mm
Hh, Hh, Gg, Gg, Gs, Re^Vct, Re, Re, Re^Es, Rd, Re^Ecf, Re, Re, Re, Gd^Es, Gd, Gs, Gs, Gg, Gg, Gg, Gg, Gg, Gs, Gs, Hh, Hh, Hh, Mm, Mm, Mm, Mm, Hh^Vhh, Mm, Mm
Hh, Gg, Gg, Gg, Gg, Gs, Gg, Gs, Gd, Rd^Vct, Rd, Re, Rd, Re, Gs, Gs, Gs, Gs, Gg, Gg, Gg, Gg, Gg, Gs, Gs, Gs, Hh, Hh^Es, Mm, Mm, Mm, Hh, Mm, Mm, Mm
Gg, Gg, Gg, Gg, Gg, Gg, Gg, Gg, Gg, Rd, Gd, Gd, Gs, Gs, Gs, Gs, Gg, Gg, Gg, Gg, Gs^Fds, Gg^Es, Gs^Fds, Gg, Gs, Gs, Hh, Hh, Hh, Mm, Hh, Hh, Mm, Mm, Mm
Gg, Gg, Gs^Fds, Gs^Fds, Gs^Fms, Gs^Fds, Gg^Em, Gg, Gg, Gg, Gg, Gg, Gg, Gg, Gg, Gg, Gg, Gg, Gg^Efm, Gg, Gg, Gs^Fds, Gg, Gg, Gs, Gs, Gs, Hh, Hh, Hh, Hh, Mm, Mm, Mm, Mm
Gg, Gg, Gs^Fds, Gs^Fms, Gs^Fms, Gs^Fds, Gs^Fds, Gg, Gg, Gg, Gg, Gg, Gs, Gs, Gs, Gs, Gs, Gg, Gg, Gg, Gg, Gg, Gg, Gg, Gg, Gs, Gs, Gs, Hh, Hh, Hh, Hh, Hh, Mm, Mm
Gg, Gg, Gg^Em, Gs^Fms, Gs, Gs, Gs^Fds, Gs^Fds, Gs, Gg, Gg, Gg, Gs, Gs, Gs^Fds, Gs^Fds, Gs, Re^Fds, Gg^Es, Gg, Gg, Gs^Fds, Gg, Gg, Gs, Gs, Gs, Gs, Gs, Hh, Hh, Hh, Hh, Mm, Mm
Gg, Gg, Gs^Fds, Gs^Fms, Gs, Gs, Gg, Gs, Gs, Gg, Gg, Gg, Gg, Gs^Fds, Gs^Fds, Gs^Fms, Gs^Fds, Re^Fds, Re^Fds, Re^Fds, Gg, Gs^Fds, Gg, Gg, Gg, Gs, Gs, Gs, Gs, Gs, Hh, Hh, Hh, Hh, Mm
Gg, Gg, Gg, Gs^Fds, Gg, Gg, Gg, Gg, Gg, Gg, Gg, Gg, Hh, Gg, Gs^Fds, Gs^Fds, Gs^Fds, Gs^Fds, Gs^Fms, Gg^Fms, Gg, Gg, Gg, Gg, Gg, Gs, Gs, Gs, Gs, Gs, Re, Hh, Hh, Hh, Hh
Hh, Gg, Gg, Gg, Gg, Gg, Gg, Gg, Hh, Hh, Hh, Hh^Em, Hh^Fms, Gs, Gs, Gs^Em, Gs^Fds, Gs^Fds, Gs^Fds, Gs^Fms, Gg^Fds, Gg, Gg, Gg, Ket, Gg, Gg, Gs, Re, Re, Gs, Re, Gg^Vh, Hh^Emf, Wwr
Hh, Hh, Gg, Gg, Gg, Gg, Gg, Gg, Hh, Hh, Wwf^Es, Hh, Hh, Gg, Hh^Fms, Gs^Fds, Gs^Fds, Gs^Fds, Gs^Fds, Gs^Fds, Gg^Fds, Gg^Fds, Gg, Gg, Gg, Re, Re, Re, Re, Gs, Rb^Gvs, Gs, Hh^Emf, Wwr, Hh
Hh^Es, Hh^Es, Hh, Gg, Gg, Gg, Gg, Hh, Hh, Hh^Es, Wwf^Es, Hh, Hh, Gg^Fds, Hh^Fms, Gs^Fms, Gs^Fds, Gs^Fds, Gs^Vc, Gs^Fms, Gg, Gg, Gg, Gg, Re, Re, Wwf, Gg, Rb^Gvs, Re, Rb^Vwm, Rb^Gvs, Ww^Es, Wwr, Hh^Es
Gs^Fds, Hh^Fms, Hh^Fms, Gg, Gg, Gg, Gg^Efm, Hh, Hh^Fds, Hh^Fds, Wwf^Es, Gg^Fms, Hh, Hh^Fds, Gs^Fds, Gs^Fds, Gg^Fms, Gg, Re, Gs, Gg, Gg, Gg, Re, Rb^Gvs, Wwf, Hh, Wwf, Rb^Gvs, Rb^Gvs, Ww^Es, Ww^Es, Hh, Hh, Hh
Gs^Fds, Hh^Fms, Hh^Fds, Gs, Gs, Gg, Gg, Hh, Hh, Hh^Es, Hh, Wwf^Es, Ww^Es, Hh, Gg^Fds, Gg^Fds, Ke, Ce, Gg, Re, Re, Gg, Gg, Re, Gg, Gg, Rb^Gvs, Wwf, Ww, Ww, Rb^Gvs, Hh, Hh, Hh, Hh
Gg^Fms, Hh^Fds, Gs, Hh^Fds, Gs, Gg, Gg, Gg, Gg, Hh, Hh, Gg^Fds, Ww^Es, Hh, Gg, Gg^Fds, Ce, Ce, Gg, Gs, Gs, Re, Re, Re, Rb, Gg, Gg^Vh, Gll, Ww, Gg, Re^Vh, Hh, Hh, Hh, Mm
Gg^Fms, Gg^Fds, Gg^Fms, Gs, Gs, Gg, Gg, Gg, Gg, Gg^Efm, Gs^Vh, Hh^Emf, Hh, Ww, Ww, Gg, Gg, Gg, Gs^Vh, Gg, Re, Re, Ke, Ce, Ww, Rb, Ww^Bw\, Ww, Rb, Re, Hh, Hh, Hh, Hh^Edt, Mm
Hh^Fds, Gg^Fds, Gs, Gs, Gs, Gg, Gg, Gg, Gg, Re, Gg, Hh, Gg^Efm, Rb^Gvs, Rb^Gvs, Ww, Ww, Rb^Gvs, Rb, Re, Rb, Ce, Ww, Ww, Ww, Ww, Ww, Ww^Bw\, Rb, Gg, Hh^Fp, Gll^Fp, Mm, Mm, Mm
Hh, Hh, Gg^Fds, Gs, Gs, Gg, Gg, Ket, Re, Re, Gg, Gg, Gg, Re^Vh, Gg, Gg, Rb, Ww^Bw/, Ww, Re^Gvs, Ww, Ce, Ww, Ww, Ww, Ww, Ww, Rb, Gg^Em, Hh, Hh^Fms, Gll^Fp, Mm, Mm, Mm
Hh, Hh, Hh, Hh, Gs, Gg, Gg, Gg, Re, Gg, Gg, Gg, Gg, Re, Re, Re, Re, Gg, Ww, Re^Es, Ww, Ww, Wot, Wot, Wot, Ww, Ww, Gg^Vh, Hh, Hh^Fp, Hh^Fp, Hh, Mm, Mm, Mm
Hh, Hh^Fet, Hh, Hh^Fds, Gs^Efm, Gs, Gs^Eff, Gg^Eff, Gg^Eff, Re, Re, Gg, Re, Re, Gg, Gg, Re, Gg, Ww, Ww, Ww, Wot, Wo, Wo, Wot, Wot, Ww, Rb^Gvs, Hh^Fp, Hh^Fp, Mm, Mm, Mm, Mm, Mm
Gg^Efm, Hh, Hh, Gs, Gg^Eff, Gg^Eff, Re, Gg, Re^Eff, Rb^Eff, Ww, Rb^Gvs, Rb, Gg, Rb^Gvs, Re^Vh, Gg, Rb, Ww^Bw\, Ww, Ww, Wot, Wot, Wo, Wo, Wot, Ww, Wwr, Hh^Fp, Hh^Fp, Hh, Mm, Mm, Mm, Mm
Gg, Hh, Gs, Gs^Eff, Gg^Eff, Gg, Gg^Eff, Re, Gs, Gg, Rb^Gvs, Ww, Ww^Bw|, Ww, Ww, Rb^Gvs, Ww, Ww, Ww, Rb, Gg^Vc, Ww, Ww, Wot, Ww, Ww, Ww, Wwr, Hh^Fp, Hh^Fms, Hh^Fms, Mm, Mm, Mm, Mm
Gg^Es, Gg, Gg, Gg, Gg, Gg^Eff, Gg, Re^Vh, Gg, Gg, Gs, Rb^Gvs, Rb, Gg, Gg^Fds, Ww, Ww, Ww, Ww, Re^Gvs, Gs^Fds, Gs^Fds, Gs^Fds, Ww, Ww, Ww, Ww, Ww, Ww^Es, Hh^Fp, Hh^Fp, Mm, Mm, Mm, Mm
Gg^Es, Gg, Gg, Gg, Gg, Gg, Gg, Gg, Gg, Gg, Re, Re, Gg, Gg^Fds, Gg^Fds, Wwr, Ww, Ww, Ww, Ww, Ww, Ww, Ww, Ww, Ww, Ww, Ww, Ww, Ww, Hh, Mm, Mm, Mm, Mm, Mm
